_fib:
000000 80               push    fp
000001 7f               push    r2
000002 7e               push    r1
000003 65               mov     fp,sp
000004 0c fd            add     sp,-3
000006 55 09            lw      r2,9(fp)

                        ; line 7, file "fib.c"
000008 44 02            lc      r0,2
00000a 1d               cls     r2,r0
00000b 14 01            brf     L18

                        ; line 8, file "fib.c"
00000d 57               mov     r0,r2
00000e 13 17            bra     L17

L18:
                        ; line 11, file "fib.c"
000010 0b ff            add     r2,-1
000012 7f               push    r2
000013 29 00 00 00      la      r0,_fib
000017 25               jal     r1,(r0)
000018 0c 03            add     sp,3
00001a a6 fd            sw      r0,-3(fp)
00001c 0b ff            add     r2,-1
00001e 7f               push    r2
00001f 29 00 00 00      la      r0,_fib
000023 25               jal     r1,(r0)
000024 0c 03            add     sp,3
000026 51 fd            lw      r1,-3(fp)
000028 01               add     r0,r1

L17:
000029 69               mov     sp,fp
00002a 7a               pop     r1
00002b 7b               pop     r2
00002c 7c               pop     fp
00002d 27               jmp     (r1)

_main:
00002e 80               push    fp
00002f 7f               push    r2
000030 7e               push    r1
000031 65               mov     fp,sp
000032 0c fd            add     sp,-3

                        ; line 18, file "fib.c"
000034 29 62 00 00      la      r0,L21
000038 7d               push    r0
000039 29 00 00 00      la      r0,_printf
00003d 25               jal     r1,(r0)
00003e 0c 03            add     sp,3

                        ; line 20, file "fib.c"
000040 44 21            lc      r0,33
000042 7d               push    r0
000043 29 00 00 00      la      r0,_fib
000047 25               jal     r1,(r0)
000048 0c 03            add     sp,3
00004a a6 fd            sw      r0,-3(fp)

                        ; line 22, file "fib.c"
00004c 4d fd            lw      r0,-3(fp)
00004e 7d               push    r0
00004f 29 70 00 00      la      r0,L22
000053 7d               push    r0
000054 29 00 00 00      la      r0,_printf
000058 25               jal     r1,(r0)
000059 0c 06            add     sp,6

                        ; line 24, file "fib.c"
00005b 44 00            lc      r0,0
00005d 69               mov     sp,fp
00005e 7a               pop     r1
00005f 7b               pop     r2
000060 7c               pop     fp
000061 27               jmp     (r1)

L21:
000062 46
000063 69
000064 62
000065 6f
000066 6e
000067 61
000068 63
000069 63
00006a 69
00006b 20
00006c 33
00006d 33
00006e 0a
00006f 00
L22:
000070 25
000071 64
000072 0a
000073 00
000074
