_main:
000000 80               push    fp
000001 7f               push    r2
000002 7e               push    r1
000003 65               mov     fp,sp
000004 a2 d7 00 00      sub     sp,.F1

                        ; line 15, file "ldpi34.c"
000008 44 00            lc      r0,0
00000a a6 f9            sw      r0,-7(fp)

L122:
                        ; line 16, file "ldpi34.c"
00000c 4d f9            lw      r0,-7(fp)
00000e 45 0a            lc      r1,10
000010 19               cls     r0,r1
000011 14 27            brf     L123

                        ; line 17, file "ldpi34.c"
000013 4d f9            lw      r0,-7(fp)
000015 45 04            lc      r1,4
000017 8a               shl     r0,r1
000018 2a 49 ff ff      la      r1,-183
00001c 5c               add     r1,fp
00001d 03               add     r1,r0
00001e 7e               push    r1
00001f 4d f9            lw      r0,-7(fp)
000021 7d               push    r0
000022 29 00 00 00      la      r0,__qcvti
000026 25               jal     r1,(r0)
000027 0c 03            add     sp,3
000029 7d               push    r0
00002a 44 10            lc      r0,16
00002c 7d               push    r0
00002d 29 00 00 00      la      r0,__stncpy
000031 25               jal     r1,(r0)
000032 0c 09            add     sp,9

                        ; line 18, file "ldpi34.c"
000034 4d f9            lw      r0,-7(fp)
000036 09 01            add     r0,1
000038 a6 f9            sw      r0,-7(fp)
00003a 13 ce            bra     L122

L123:
                        ; line 22, file "ldpi34.c"
00003c 29 7b 01 00      la      r0,_pi34
000040 a6 fc            sw      r0,-4(fp)

                        ; line 23, file "ldpi34.c"
000042 29 39 ff ff      la      r0,-199
000046 58               add     r0,fp
000047 7d               push    r0
000048 44 00            lc      r0,0
00004a 7d               push    r0
00004b 29 00 00 00      la      r0,__qcvti
00004f 25               jal     r1,(r0)
000050 0c 03            add     sp,3
000052 7d               push    r0
000053 44 10            lc      r0,16
000055 7d               push    r0
000056 29 00 00 00      la      r0,__stncpy
00005a 25               jal     r1,(r0)
00005b 0c 09            add     sp,9

                        ; line 24, file "ldpi34.c"
00005d 29 29 ff ff      la      r0,-215
000061 58               add     r0,fp
000062 7d               push    r0
000063 44 0a            lc      r0,10
000065 7d               push    r0
000066 29 00 00 00      la      r0,__qcvti
00006a 25               jal     r1,(r0)
00006b 0c 03            add     sp,3
00006d 7d               push    r0
00006e 44 10            lc      r0,16
000070 7d               push    r0
000071 29 00 00 00      la      r0,__stncpy
000075 25               jal     r1,(r0)
000076 0c 09            add     sp,9

                        ; line 25, file "ldpi34.c"
000078 44 e9            lc      r0,-23
00007a 58               add     r0,fp
00007b 7d               push    r0
00007c 29 29 ff ff      la      r0,-215
000080 58               add     r0,fp
000081 7d               push    r0
000082 44 10            lc      r0,16
000084 7d               push    r0
000085 29 00 00 00      la      r0,__stncpy
000089 25               jal     r1,(r0)
00008a 0c 09            add     sp,9

L124:
                        ; line 26, file "ldpi34.c"
00008c 4d fc            lw      r0,-4(fp)
00008e 09 01            add     r0,1
000090 a6 fc            sw      r0,-4(fp)
000092 09 ff            add     r0,-1
000094 2c 00            lb      r0,(r0)
000096 83 ff            sb      r0,-1(fp)
000098 ce               clu     z,r0
000099 15 02            brt     L20000
00009b c7 54 01 00      jmp     L125

L20000:
                        ; line 27, file "ldpi34.c"
00009f 2f ff            lb      r0,-1(fp)
0000a1 45 2e            lc      r1,46
0000a3 16               ceq     r0,r1
0000a4 15 e4            brt     L124

                        ; line 31, file "ldpi34.c"
0000a6 44 e9            lc      r0,-23
0000a8 58               add     r0,fp
0000a9 7d               push    r0
0000aa 0c f0            add     sp,-16
0000ac 59               mov     r0,sp
0000ad 7d               push    r0
0000ae 29 29 ff ff      la      r0,-215
0000b2 58               add     r0,fp
0000b3 7d               push    r0
0000b4 47 10            lcu     r0,16
0000b6 7d               push    r0
0000b7 29 00 00 00      la      r0,__stncpy
0000bb 25               jal     r1,(r0)
0000bc 0c f9            add     sp,-7
0000be 59               mov     r0,sp
0000bf 7d               push    r0
0000c0 44 e9            lc      r0,-23
0000c2 58               add     r0,fp
0000c3 7d               push    r0
0000c4 47 10            lcu     r0,16
0000c6 7d               push    r0
0000c7 29 00 00 00      la      r0,__stncpy
0000cb 25               jal     r1,(r0)
0000cc 0c 09            add     sp,9
0000ce 29 00 00 00      la      r0,__qdiv
0000d2 25               jal     r1,(r0)
0000d3 0c 20            add     sp,32
0000d5 7d               push    r0
0000d6 44 10            lc      r0,16
0000d8 7d               push    r0
0000d9 29 00 00 00      la      r0,__stncpy
0000dd 25               jal     r1,(r0)
0000de 0c 09            add     sp,9

                        ; line 32, file "ldpi34.c"
0000e0 2f ff            lb      r0,-1(fp)
0000e2 09 d0            add     r0,-48
0000e4 a6 f9            sw      r0,-7(fp)

                        ; line 33, file "ldpi34.c"
0000e6 29 39 ff ff      la      r0,-199
0000ea 58               add     r0,fp
0000eb 7d               push    r0
0000ec 0c f0            add     sp,-16
0000ee 59               mov     r0,sp
0000ef 7d               push    r0
0000f0 0c f0            add     sp,-16
0000f2 59               mov     r0,sp
0000f3 7d               push    r0
0000f4 44 e9            lc      r0,-23
0000f6 58               add     r0,fp
0000f7 7d               push    r0
0000f8 47 10            lcu     r0,16
0000fa 7d               push    r0
0000fb 29 00 00 00      la      r0,__stncpy
0000ff 25               jal     r1,(r0)
000100 0c f9            add     sp,-7
000102 59               mov     r0,sp
000103 7d               push    r0
000104 4d f9            lw      r0,-7(fp)
000106 45 04            lc      r1,4
000108 8a               shl     r0,r1
000109 2a 49 ff ff      la      r1,-183
00010d 5c               add     r1,fp
00010e 03               add     r1,r0
00010f 7e               push    r1
000110 47 10            lcu     r0,16
000112 7d               push    r0
000113 29 00 00 00      la      r0,__stncpy
000117 25               jal     r1,(r0)
000118 0c 09            add     sp,9
00011a 29 00 00 00      la      r0,__qmul
00011e 25               jal     r1,(r0)
00011f 0c 20            add     sp,32
000121 7d               push    r0
000122 47 10            lcu     r0,16
000124 7d               push    r0
000125 29 00 00 00      la      r0,__stncpy
000129 25               jal     r1,(r0)
00012a 0c f9            add     sp,-7
00012c 59               mov     r0,sp
00012d 7d               push    r0
00012e 29 39 ff ff      la      r0,-199
000132 58               add     r0,fp
000133 7d               push    r0
000134 47 10            lcu     r0,16
000136 7d               push    r0
000137 29 00 00 00      la      r0,__stncpy
00013b 25               jal     r1,(r0)
00013c 0c 09            add     sp,9
00013e 29 00 00 00      la      r0,__qadd
000142 25               jal     r1,(r0)
000143 0c 20            add     sp,32
000145 7d               push    r0
000146 44 10            lc      r0,16
000148 7d               push    r0
000149 29 00 00 00      la      r0,__stncpy
00014d 25               jal     r1,(r0)
00014e 0c 09            add     sp,9
000150 c7 8c 00 00      jmp     L124

L125:
                        ; line 37, file "ldpi34.c"
000154 0c f0            add     sp,-16
000156 59               mov     r0,sp
000157 7d               push    r0
000158 29 39 ff ff      la      r0,-199
00015c 58               add     r0,fp
00015d 7d               push    r0
00015e 47 10            lcu     r0,16
000160 7d               push    r0
000161 29 00 00 00      la      r0,__stncpy
000165 25               jal     r1,(r0)
000166 0c 09            add     sp,9
000168 29 9f 01 00      la      r0,L127
00016c 7d               push    r0
00016d 29 00 00 00      la      r0,_printf
000171 25               jal     r1,(r0)
000172 0c 13            add     sp,19

                        ; line 39, file "ldpi34.c"
000174 44 00            lc      r0,0
000176 69               mov     sp,fp
000177 7a               pop     r1
000178 7b               pop     r2
000179 7c               pop     fp
00017a 27               jmp     (r1)

_pi34:
00017b 33
00017c 2e
00017d 31
00017e 34
00017f 31
000180 35
000181 39
000182 32
000183 36
000184 35
000185 33
000186 35
000187 38
000188 39
000189 37
00018a 39
00018b 33
00018c 32
00018d 33
00018e 38
00018f 34
000190 36
000191 32
000192 36
000193 34
000194 33
000195 33
000196 38
000197 33
000198 32
000199 37
00019a 39
00019b 35
00019c 30
00019d 33
00019e 00
L127:
00019f 43
0001a0 4f
0001a1 52
0001a2 32
0001a3 34
0001a4 3a
0001a5 20
0001a6 25
0001a7 2e
0001a8 33
0001a9 34
0001aa 77
0001ab 67
0001ac 0a
0001ad 00
0001ae
