_matmul:
000000 80               push    fp
000001 7f               push    r2
000002 7e               push    r1
000003 65               mov     fp,sp
000004 0c f7            add     sp,-9

                        ; line 29, file "matrix.c"
000006 44 00            lc      r0,0
000008 a6 fd            sw      r0,-3(fp)

L21:
                        ; line 30, file "matrix.c"
00000a 4d fd            lw      r0,-3(fp)
00000c 45 03            lc      r1,3
00000e 19               cls     r0,r1
00000f 15 02            brt     L20000
000011 c7 e7 00 00      jmp     L22

L20000:
                        ; line 31, file "matrix.c"
000015 44 00            lc      r0,0
000017 a6 fa            sw      r0,-6(fp)

L23:
                        ; line 32, file "matrix.c"
000019 4d fa            lw      r0,-6(fp)
00001b 45 03            lc      r1,3
00001d 19               cls     r0,r1
00001e 15 02            brt     L20001
000020 c7 dd 00 00      jmp     L24

L20001:
                        ; line 33, file "matrix.c"
000024 44 00            lc      r0,0
000026 a6 f7            sw      r0,-9(fp)

                        ; line 34, file "matrix.c"
000028 4d fd            lw      r0,-3(fp)
00002a 5a               mov     r1,r0
00002b 04               add     r1,r1
00002c 01               add     r0,r1
00002d 51 fa            lw      r1,-6(fp)
00002f 03               add     r1,r0
000030 44 03            lc      r0,3
000032 8c               shl     r1,r0
000033 4d 09            lw      r0,9(fp)
000035 01               add     r0,r1
000036 7d               push    r0
000037 29 52 02 00      la      r0,L25
00003b 7d               push    r0
00003c 29 00 00 00      la      r0,__dasgn
000040 25               jal     r1,(r0)
000041 0c 06            add     sp,6

L26:
                        ; line 35, file "matrix.c"
000043 4d f7            lw      r0,-9(fp)
000045 45 03            lc      r1,3
000047 19               cls     r0,r1
000048 15 02            brt     L20002
00004a c7 d3 00 00      jmp     L27

L20002:
                        ; line 36, file "matrix.c"
00004e 4d fd            lw      r0,-3(fp)
000050 5a               mov     r1,r0
000051 04               add     r1,r1
000052 01               add     r0,r1
000053 51 fa            lw      r1,-6(fp)
000055 03               add     r1,r0
000056 44 03            lc      r0,3
000058 8c               shl     r1,r0
000059 4d 09            lw      r0,9(fp)
00005b 01               add     r0,r1
00005c 7d               push    r0
00005d 0c f8            add     sp,-8
00005f 59               mov     r0,sp
000060 7d               push    r0
000061 0c f8            add     sp,-8
000063 59               mov     r0,sp
000064 7d               push    r0
000065 4d f7            lw      r0,-9(fp)
000067 5a               mov     r1,r0
000068 04               add     r1,r1
000069 01               add     r0,r1
00006a 51 fa            lw      r1,-6(fp)
00006c 03               add     r1,r0
00006d 44 03            lc      r0,3
00006f 8c               shl     r1,r0
000070 4d 0f            lw      r0,15(fp)
000072 01               add     r0,r1
000073 7d               push    r0
000074 29 00 00 00      la      r0,__dasgn
000078 25               jal     r1,(r0)
000079 0c fe            add     sp,-2
00007b 59               mov     r0,sp
00007c 7d               push    r0
00007d 4d fd            lw      r0,-3(fp)
00007f 5a               mov     r1,r0
000080 04               add     r1,r1
000081 01               add     r0,r1
000082 51 f7            lw      r1,-9(fp)
000084 03               add     r1,r0
000085 44 03            lc      r0,3
000087 8c               shl     r1,r0
000088 4d 0c            lw      r0,12(fp)
00008a 01               add     r0,r1
00008b 7d               push    r0
00008c 29 00 00 00      la      r0,__dasgn
000090 25               jal     r1,(r0)
000091 0c 06            add     sp,6
000093 29 00 00 00      la      r0,__dmul
000097 25               jal     r1,(r0)
000098 0c 10            add     sp,16
00009a 7d               push    r0
00009b 29 00 00 00      la      r0,__dasgn
00009f 25               jal     r1,(r0)
0000a0 0c fe            add     sp,-2
0000a2 59               mov     r0,sp
0000a3 7d               push    r0
0000a4 4d fd            lw      r0,-3(fp)
0000a6 5a               mov     r1,r0
0000a7 04               add     r1,r1
0000a8 01               add     r0,r1
0000a9 51 fa            lw      r1,-6(fp)
0000ab 03               add     r1,r0
0000ac 44 03            lc      r0,3
0000ae 8c               shl     r1,r0
0000af 4d 09            lw      r0,9(fp)
0000b1 01               add     r0,r1
0000b2 7d               push    r0
0000b3 29 00 00 00      la      r0,__dasgn
0000b7 25               jal     r1,(r0)
0000b8 0c 06            add     sp,6
0000ba 29 00 00 00      la      r0,__dadd
0000be 25               jal     r1,(r0)
0000bf 0c 10            add     sp,16
0000c1 7d               push    r0
0000c2 29 00 00 00      la      r0,__dasgn
0000c6 25               jal     r1,(r0)
0000c7 0c 06            add     sp,6

                        ; line 37, file "matrix.c"
0000c9 4d f7            lw      r0,-9(fp)
0000cb 09 01            add     r0,1
0000cd a6 f7            sw      r0,-9(fp)
0000cf c7 43 00 00      jmp     L26

L27:
                        ; line 39, file "matrix.c"
0000d3 4d fa            lw      r0,-6(fp)
0000d5 09 01            add     r0,1
0000d7 a6 fa            sw      r0,-6(fp)
0000d9 c7 19 00 00      jmp     L23

L24:
                        ; line 41, file "matrix.c"
0000dd 4d fd            lw      r0,-3(fp)
0000df 09 01            add     r0,1
0000e1 a6 fd            sw      r0,-3(fp)
0000e3 c7 0a 00 00      jmp     L21

L22:
0000e7 69               mov     sp,fp
0000e8 7a               pop     r1
0000e9 7b               pop     r2
0000ea 7c               pop     fp
0000eb 27               jmp     (r1)

_main:
0000ec 80               push    fp
0000ed 7f               push    r2
0000ee 7e               push    r1
0000ef 65               mov     fp,sp
0000f0 0c fa            add     sp,-6

                        ; line 49, file "matrix.c"
0000f2 29 c2 01 00      la      r0,_X
0000f6 7d               push    r0
0000f7 29 7a 01 00      la      r0,_I
0000fb 7d               push    r0
0000fc 29 0a 02 00      la      r0,_Y
000100 7d               push    r0
000101 29 00 00 00      la      r0,_matmul
000105 25               jal     r1,(r0)
000106 0c 09            add     sp,9

                        ; line 51, file "matrix.c"
000108 44 00            lc      r0,0
00010a a6 fd            sw      r0,-3(fp)

L30:
                        ; line 52, file "matrix.c"
00010c 4d fd            lw      r0,-3(fp)
00010e 45 03            lc      r1,3
000110 19               cls     r0,r1
000111 14 5e            brf     L31

                        ; line 53, file "matrix.c"
000113 44 00            lc      r0,0
000115 a6 fa            sw      r0,-6(fp)

L32:
                        ; line 54, file "matrix.c"
000117 4d fa            lw      r0,-6(fp)
000119 45 03            lc      r1,3
00011b 19               cls     r0,r1
00011c 14 3f            brf     L33

                        ; line 55, file "matrix.c"
00011e 4d fa            lw      r0,-6(fp)
000120 ce               clu     z,r0
000121 14 0a            brf     L34

                        ; line 56, file "matrix.c"
000123 29 5a 02 00      la      r0,L35
000127 7d               push    r0
000128 29 00 00 00      la      r0,_printf
00012c 25               jal     r1,(r0)
00012d 0c 03            add     sp,3

L34:
                        ; line 58, file "matrix.c"
00012f 0c f8            add     sp,-8
000131 59               mov     r0,sp
000132 7d               push    r0
000133 4d fd            lw      r0,-3(fp)
000135 45 18            lc      r1,24
000137 6b               mul     r0,r1
000138 2a 0a 02 00      la      r1,_Y
00013c 01               add     r0,r1
00013d 51 fa            lw      r1,-6(fp)
00013f 46 03            lc      r2,3
000141 8d               shl     r1,r2
000142 01               add     r0,r1
000143 7d               push    r0
000144 29 00 00 00      la      r0,__dasgn
000148 25               jal     r1,(r0)
000149 0c 06            add     sp,6
00014b 29 5c 02 00      la      r0,L36
00014f 7d               push    r0
000150 29 00 00 00      la      r0,_printf
000154 25               jal     r1,(r0)
000155 0c 0b            add     sp,11

                        ; line 59, file "matrix.c"
000157 4d fa            lw      r0,-6(fp)
000159 09 01            add     r0,1
00015b a6 fa            sw      r0,-6(fp)
00015d 13 b6            bra     L32

L33:
                        ; line 61, file "matrix.c"
00015f 29 61 02 00      la      r0,L37
000163 7d               push    r0
000164 29 00 00 00      la      r0,_printf
000168 25               jal     r1,(r0)
000169 0c 03            add     sp,3

                        ; line 62, file "matrix.c"
00016b 4d fd            lw      r0,-3(fp)
00016d 09 01            add     r0,1
00016f a6 fd            sw      r0,-3(fp)
000171 13 97            bra     L30

L31:
                        ; line 65, file "matrix.c"
000173 44 00            lc      r0,0
000175 69               mov     sp,fp
000176 7a               pop     r1
000177 7b               pop     r2
000178 7c               pop     fp
000179 27               jmp     (r1)

_I:
00017a 00
00017b 00
00017c 00
00017d 00
00017e 00
00017f 00
000180 f0
000181 bf
000182 00
000183 00
000184 00
000185 00
000186 00
000187 00
000188 00
000189 00
00018a 00
00018b 00
00018c 00
00018d 00
00018e 00
00018f 00
000190 00
000191 00
000192 00
000193 00
000194 00
000195 00
000196 00
000197 00
000198 00
000199 00
00019a 00
00019b 00
00019c 00
00019d 00
00019e 00
00019f 00
0001a0 f0
0001a1 bf
0001a2 00
0001a3 00
0001a4 00
0001a5 00
0001a6 00
0001a7 00
0001a8 00
0001a9 00
0001aa 00
0001ab 00
0001ac 00
0001ad 00
0001ae 00
0001af 00
0001b0 00
0001b1 00
0001b2 00
0001b3 00
0001b4 00
0001b5 00
0001b6 00
0001b7 00
0001b8 00
0001b9 00
0001ba 00
0001bb 00
0001bc 00
0001bd 00
0001be 00
0001bf 00
0001c0 f0
0001c1 bf
_X:
0001c2 00
0001c3 00
0001c4 00
0001c5 00
0001c6 00
0001c7 00
0001c8 f0
0001c9 3f
0001ca 00
0001cb 00
0001cc 00
0001cd 00
0001ce 00
0001cf 00
0001d0 00
0001d1 40
0001d2 00
0001d3 00
0001d4 00
0001d5 00
0001d6 00
0001d7 00
0001d8 08
0001d9 40
0001da 00
0001db 00
0001dc 00
0001dd 00
0001de 00
0001df 00
0001e0 10
0001e1 40
0001e2 00
0001e3 00
0001e4 00
0001e5 00
0001e6 00
0001e7 00
0001e8 14
0001e9 40
0001ea 00
0001eb 00
0001ec 00
0001ed 00
0001ee 00
0001ef 00
0001f0 18
0001f1 40
0001f2 00
0001f3 00
0001f4 00
0001f5 00
0001f6 00
0001f7 00
0001f8 1c
0001f9 40
0001fa 00
0001fb 00
0001fc 00
0001fd 00
0001fe 00
0001ff 00
000200 20
000201 40
000202 00
000203 00
000204 00
000205 00
000206 00
000207 00
000208 22
000209 40
_Y:
00020a 00
00020b 00
00020c 00
00020d 00
00020e 00
00020f 00
000210 f0
000211 bf
000212 00
000213 00
000214 00
000215 00
000216 00
000217 00
000218 f0
000219 bf
00021a 00
00021b 00
00021c 00
00021d 00
00021e 00
00021f 00
000220 f0
000221 bf
000222 00
000223 00
000224 00
000225 00
000226 00
000227 00
000228 f0
000229 bf
00022a 00
00022b 00
00022c 00
00022d 00
00022e 00
00022f 00
000230 f0
000231 bf
000232 00
000233 00
000234 00
000235 00
000236 00
000237 00
000238 f0
000239 bf
00023a 00
00023b 00
00023c 00
00023d 00
00023e 00
00023f 00
000240 f0
000241 bf
000242 00
000243 00
000244 00
000245 00
000246 00
000247 00
000248 f0
000249 bf
00024a 00
00024b 00
00024c 00
00024d 00
00024e 00
00024f 00
000250 f0
000251 bf
L25:
000252 00
000253 00
000254 00
000255 00
000256 00
000257 00
000258 00
000259 00
L35:
00025a 20
00025b 00
L36:
00025c 25
00025d 2e
00025e 31
00025f 66
000260 00
L37:
000261 0a
000262 00
fltused:
000263
000263
