_main:
000000 80               push    fp
000001 7f               push    r2
000002 7e               push    r1
000003 65               mov     fp,sp
000004 0c f0            add     sp,-16

                        ; line 19, file "tprintf.c"
000006 44 f8            lc      r0,-8
000008 58               add     r0,fp
000009 7d               push    r0
00000a 29 44 03 00      la      r0,L18
00000e 7d               push    r0
00000f 29 00 00 00      la      r0,__dasgn
000013 25               jal     r1,(r0)
000014 0c 06            add     sp,6

                        ; line 20, file "tprintf.c"
000016 0c f8            add     sp,-8
000018 59               mov     r0,sp
000019 7d               push    r0
00001a 44 f8            lc      r0,-8
00001c 58               add     r0,fp
00001d 7d               push    r0
00001e 29 00 00 00      la      r0,__dasgn
000022 25               jal     r1,(r0)
000023 0c 06            add     sp,6
000025 29 d4 03 00      la      r0,L19
000029 7d               push    r0
00002a 29 00 00 00      la      r0,_printf
00002e 25               jal     r1,(r0)
00002f 0c 0b            add     sp,11

                        ; line 21, file "tprintf.c"
000031 0c f8            add     sp,-8
000033 59               mov     r0,sp
000034 7d               push    r0
000035 0c f8            add     sp,-8
000037 59               mov     r0,sp
000038 7d               push    r0
000039 44 f8            lc      r0,-8
00003b 58               add     r0,fp
00003c 7d               push    r0
00003d 29 00 00 00      la      r0,__dasgn
000041 25               jal     r1,(r0)
000042 0c fe            add     sp,-2
000044 59               mov     r0,sp
000045 7d               push    r0
000046 29 4c 03 00      la      r0,L21
00004a 7d               push    r0
00004b 29 00 00 00      la      r0,__dasgn
00004f 25               jal     r1,(r0)
000050 0c 06            add     sp,6
000052 29 00 00 00      la      r0,__ddiv
000056 25               jal     r1,(r0)
000057 0c 10            add     sp,16
000059 7d               push    r0
00005a 29 00 00 00      la      r0,__dasgn
00005e 25               jal     r1,(r0)
00005f 0c 06            add     sp,6
000061 29 e4 03 00      la      r0,L20
000065 7d               push    r0
000066 29 00 00 00      la      r0,_printf
00006a 25               jal     r1,(r0)
00006b 0c 0b            add     sp,11

                        ; line 22, file "tprintf.c"
00006d 0c f8            add     sp,-8
00006f 59               mov     r0,sp
000070 7d               push    r0
000071 0c f8            add     sp,-8
000073 59               mov     r0,sp
000074 7d               push    r0
000075 44 f8            lc      r0,-8
000077 58               add     r0,fp
000078 7d               push    r0
000079 29 00 00 00      la      r0,__dasgn
00007d 25               jal     r1,(r0)
00007e 0c fe            add     sp,-2
000080 59               mov     r0,sp
000081 7d               push    r0
000082 29 54 03 00      la      r0,L23
000086 7d               push    r0
000087 29 00 00 00      la      r0,__dasgn
00008b 25               jal     r1,(r0)
00008c 0c 06            add     sp,6
00008e 29 00 00 00      la      r0,__ddiv
000092 25               jal     r1,(r0)
000093 0c 10            add     sp,16
000095 7d               push    r0
000096 29 00 00 00      la      r0,__dasgn
00009a 25               jal     r1,(r0)
00009b 0c 06            add     sp,6
00009d 29 f7 03 00      la      r0,L22
0000a1 7d               push    r0
0000a2 29 00 00 00      la      r0,_printf
0000a6 25               jal     r1,(r0)
0000a7 0c 0b            add     sp,11

                        ; line 23, file "tprintf.c"
0000a9 29 0a 04 00      la      r0,L24
0000ad 7d               push    r0
0000ae 29 00 00 00      la      r0,_printf
0000b2 25               jal     r1,(r0)
0000b3 0c 03            add     sp,3

                        ; line 26, file "tprintf.c"
0000b5 0c f8            add     sp,-8
0000b7 59               mov     r0,sp
0000b8 7d               push    r0
0000b9 29 5c 03 00      la      r0,L26
0000bd 7d               push    r0
0000be 29 00 00 00      la      r0,__dasgn
0000c2 25               jal     r1,(r0)
0000c3 0c 06            add     sp,6
0000c5 29 0c 04 00      la      r0,L25
0000c9 7d               push    r0
0000ca 29 00 00 00      la      r0,_printf
0000ce 25               jal     r1,(r0)
0000cf 0c 0b            add     sp,11

                        ; line 27, file "tprintf.c"
0000d1 0c f8            add     sp,-8
0000d3 59               mov     r0,sp
0000d4 7d               push    r0
0000d5 29 64 03 00      la      r0,L28
0000d9 7d               push    r0
0000da 29 00 00 00      la      r0,__dasgn
0000de 25               jal     r1,(r0)
0000df 0c 06            add     sp,6
0000e1 29 27 04 00      la      r0,L27
0000e5 7d               push    r0
0000e6 29 00 00 00      la      r0,_printf
0000ea 25               jal     r1,(r0)
0000eb 0c 0b            add     sp,11

                        ; line 28, file "tprintf.c"
0000ed 0c f8            add     sp,-8
0000ef 59               mov     r0,sp
0000f0 7d               push    r0
0000f1 29 6c 03 00      la      r0,L30
0000f5 7d               push    r0
0000f6 29 00 00 00      la      r0,__dasgn
0000fa 25               jal     r1,(r0)
0000fb 0c 06            add     sp,6
0000fd 29 44 04 00      la      r0,L29
000101 7d               push    r0
000102 29 00 00 00      la      r0,_printf
000106 25               jal     r1,(r0)
000107 0c 0b            add     sp,11

                        ; line 29, file "tprintf.c"
000109 0c f8            add     sp,-8
00010b 59               mov     r0,sp
00010c 7d               push    r0
00010d 29 74 03 00      la      r0,L32
000111 7d               push    r0
000112 29 00 00 00      la      r0,__dasgn
000116 25               jal     r1,(r0)
000117 0c 06            add     sp,6
000119 29 5e 04 00      la      r0,L31
00011d 7d               push    r0
00011e 29 00 00 00      la      r0,_printf
000122 25               jal     r1,(r0)
000123 0c 0b            add     sp,11

                        ; line 30, file "tprintf.c"
000125 0c f8            add     sp,-8
000127 59               mov     r0,sp
000128 7d               push    r0
000129 29 7c 03 00      la      r0,L34
00012d 7d               push    r0
00012e 29 00 00 00      la      r0,__dasgn
000132 25               jal     r1,(r0)
000133 0c 06            add     sp,6
000135 29 74 04 00      la      r0,L33
000139 7d               push    r0
00013a 29 00 00 00      la      r0,_printf
00013e 25               jal     r1,(r0)
00013f 0c 0b            add     sp,11

                        ; line 31, file "tprintf.c"
000141 0c f8            add     sp,-8
000143 59               mov     r0,sp
000144 7d               push    r0
000145 29 84 03 00      la      r0,L36
000149 7d               push    r0
00014a 29 00 00 00      la      r0,__dasgn
00014e 25               jal     r1,(r0)
00014f 0c 06            add     sp,6
000151 29 88 04 00      la      r0,L35
000155 7d               push    r0
000156 29 00 00 00      la      r0,_printf
00015a 25               jal     r1,(r0)
00015b 0c 0b            add     sp,11

                        ; line 32, file "tprintf.c"
00015d 0c f8            add     sp,-8
00015f 59               mov     r0,sp
000160 7d               push    r0
000161 29 8c 03 00      la      r0,L38
000165 7d               push    r0
000166 29 00 00 00      la      r0,__dasgn
00016a 25               jal     r1,(r0)
00016b 0c 06            add     sp,6
00016d 29 99 04 00      la      r0,L37
000171 7d               push    r0
000172 29 00 00 00      la      r0,_printf
000176 25               jal     r1,(r0)
000177 0c 0b            add     sp,11

                        ; line 33, file "tprintf.c"
000179 29 ac 04 00      la      r0,L39
00017d 7d               push    r0
00017e 29 00 00 00      la      r0,_printf
000182 25               jal     r1,(r0)
000183 0c 03            add     sp,3

                        ; line 36, file "tprintf.c"
000185 0c f8            add     sp,-8
000187 59               mov     r0,sp
000188 7d               push    r0
000189 29 94 03 00      la      r0,L41
00018d 7d               push    r0
00018e 29 00 00 00      la      r0,__dasgn
000192 25               jal     r1,(r0)
000193 0c 06            add     sp,6
000195 29 ae 04 00      la      r0,L40
000199 7d               push    r0
00019a 29 00 00 00      la      r0,_printf
00019e 25               jal     r1,(r0)
00019f 0c 0b            add     sp,11

                        ; line 37, file "tprintf.c"
0001a1 0c f8            add     sp,-8
0001a3 59               mov     r0,sp
0001a4 7d               push    r0
0001a5 29 9c 03 00      la      r0,L43
0001a9 7d               push    r0
0001aa 29 00 00 00      la      r0,__dasgn
0001ae 25               jal     r1,(r0)
0001af 0c 06            add     sp,6
0001b1 29 c4 04 00      la      r0,L42
0001b5 7d               push    r0
0001b6 29 00 00 00      la      r0,_printf
0001ba 25               jal     r1,(r0)
0001bb 0c 0b            add     sp,11

                        ; line 38, file "tprintf.c"
0001bd 29 de 04 00      la      r0,L44
0001c1 7d               push    r0
0001c2 29 00 00 00      la      r0,_printf
0001c6 25               jal     r1,(r0)
0001c7 0c 03            add     sp,3

                        ; line 41, file "tprintf.c"
0001c9 0c f8            add     sp,-8
0001cb 59               mov     r0,sp
0001cc 7d               push    r0
0001cd 29 a4 03 00      la      r0,L46
0001d1 7d               push    r0
0001d2 29 00 00 00      la      r0,__dasgn
0001d6 25               jal     r1,(r0)
0001d7 0c 06            add     sp,6
0001d9 29 e0 04 00      la      r0,L45
0001dd 7d               push    r0
0001de 29 00 00 00      la      r0,_printf
0001e2 25               jal     r1,(r0)
0001e3 0c 0b            add     sp,11

                        ; line 42, file "tprintf.c"
0001e5 0c f8            add     sp,-8
0001e7 59               mov     r0,sp
0001e8 7d               push    r0
0001e9 29 ac 03 00      la      r0,L48
0001ed 7d               push    r0
0001ee 29 00 00 00      la      r0,__dasgn
0001f2 25               jal     r1,(r0)
0001f3 0c 06            add     sp,6
0001f5 29 f9 04 00      la      r0,L47
0001f9 7d               push    r0
0001fa 29 00 00 00      la      r0,_printf
0001fe 25               jal     r1,(r0)
0001ff 0c 0b            add     sp,11

                        ; line 43, file "tprintf.c"
000201 0c f8            add     sp,-8
000203 59               mov     r0,sp
000204 7d               push    r0
000205 29 b4 03 00      la      r0,L50
000209 7d               push    r0
00020a 29 00 00 00      la      r0,__dasgn
00020e 25               jal     r1,(r0)
00020f 0c 06            add     sp,6
000211 29 16 05 00      la      r0,L49
000215 7d               push    r0
000216 29 00 00 00      la      r0,_printf
00021a 25               jal     r1,(r0)
00021b 0c 0b            add     sp,11

                        ; line 44, file "tprintf.c"
00021d 29 33 05 00      la      r0,L51
000221 7d               push    r0
000222 29 00 00 00      la      r0,_printf
000226 25               jal     r1,(r0)
000227 0c 03            add     sp,3

                        ; line 47, file "tprintf.c"
000229 44 f0            lc      r0,-16
00022b 58               add     r0,fp
00022c 7d               push    r0
00022d 29 bc 03 00      la      r0,L52
000231 7d               push    r0
000232 29 00 00 00      la      r0,__dasgn
000236 25               jal     r1,(r0)
000237 0c 06            add     sp,6

                        ; line 48, file "tprintf.c"
000239 4d f6            lw      r0,-10(fp)
00023b 45 04            lc      r1,4
00023d 90               sra     r0,r1
00023e 2a ff 07 00      la      r1,2047
000242 0d               and     r0,r1
000243 09 9a            add     r0,-102
000245 2a ff 07 00      la      r1,2047
000249 0d               and     r0,r1
00024a 45 04            lc      r1,4
00024c 8a               shl     r0,r1
00024d 51 f6            lw      r1,-10(fp)
00024f 2b 0f 80 ff      la      r2,-32753
000253 10               and     r1,r2
000254 75               or      r1,r0
000255 aa f6            sw      r1,-10(fp)

                        ; line 49, file "tprintf.c"
000257 0c f8            add     sp,-8
000259 59               mov     r0,sp
00025a 7d               push    r0
00025b 44 f0            lc      r0,-16
00025d 58               add     r0,fp
00025e 7d               push    r0
00025f 29 00 00 00      la      r0,__dasgn
000263 25               jal     r1,(r0)
000264 0c 06            add     sp,6
000266 29 35 05 00      la      r0,L53
00026a 7d               push    r0
00026b 29 00 00 00      la      r0,_printf
00026f 25               jal     r1,(r0)
000270 0c 0b            add     sp,11

                        ; line 50, file "tprintf.c"
000272 44 f0            lc      r0,-16
000274 58               add     r0,fp
000275 7d               push    r0
000276 29 c4 03 00      la      r0,L54
00027a 7d               push    r0
00027b 29 00 00 00      la      r0,__dasgn
00027f 25               jal     r1,(r0)
000280 0c 06            add     sp,6

                        ; line 51, file "tprintf.c"
000282 0c f8            add     sp,-8
000284 59               mov     r0,sp
000285 7d               push    r0
000286 44 f0            lc      r0,-16
000288 58               add     r0,fp
000289 7d               push    r0
00028a 29 00 00 00      la      r0,__dasgn
00028e 25               jal     r1,(r0)
00028f 0c 06            add     sp,6
000291 29 5d 05 00      la      r0,L55
000295 7d               push    r0
000296 29 00 00 00      la      r0,_printf
00029a 25               jal     r1,(r0)
00029b 0c 0b            add     sp,11

                        ; line 52, file "tprintf.c"
00029d 44 f0            lc      r0,-16
00029f 58               add     r0,fp
0002a0 7d               push    r0
0002a1 29 cc 03 00      la      r0,L56
0002a5 7d               push    r0
0002a6 29 00 00 00      la      r0,__dasgn
0002aa 25               jal     r1,(r0)
0002ab 0c 06            add     sp,6

                        ; line 53, file "tprintf.c"
0002ad 0c f8            add     sp,-8
0002af 59               mov     r0,sp
0002b0 7d               push    r0
0002b1 44 f0            lc      r0,-16
0002b3 58               add     r0,fp
0002b4 7d               push    r0
0002b5 29 00 00 00      la      r0,__dasgn
0002b9 25               jal     r1,(r0)
0002ba 0c 06            add     sp,6
0002bc 29 85 05 00      la      r0,L57
0002c0 7d               push    r0
0002c1 29 00 00 00      la      r0,_printf
0002c5 25               jal     r1,(r0)
0002c6 0c 0b            add     sp,11

                        ; line 54, file "tprintf.c"
0002c8 4d f6            lw      r0,-10(fp)
0002ca 45 04            lc      r1,4
0002cc 90               sra     r0,r1
0002cd 2a ff 07 00      la      r1,2047
0002d1 0d               and     r0,r1
0002d2 2a b8 03 00      la      r1,952
0002d6 01               add     r0,r1
0002d7 2a ff 07 00      la      r1,2047
0002db 0d               and     r0,r1
0002dc 45 04            lc      r1,4
0002de 8a               shl     r0,r1
0002df 51 f6            lw      r1,-10(fp)
0002e1 2b 0f 80 ff      la      r2,-32753
0002e5 10               and     r1,r2
0002e6 75               or      r1,r0
0002e7 aa f6            sw      r1,-10(fp)

                        ; line 55, file "tprintf.c"
0002e9 0c f8            add     sp,-8
0002eb 59               mov     r0,sp
0002ec 7d               push    r0
0002ed 44 f0            lc      r0,-16
0002ef 58               add     r0,fp
0002f0 7d               push    r0
0002f1 29 00 00 00      la      r0,__dasgn
0002f5 25               jal     r1,(r0)
0002f6 0c 06            add     sp,6
0002f8 29 a8 05 00      la      r0,L58
0002fc 7d               push    r0
0002fd 29 00 00 00      la      r0,_printf
000301 25               jal     r1,(r0)
000302 0c 0b            add     sp,11

                        ; line 56, file "tprintf.c"
000304 4d f6            lw      r0,-10(fp)
000306 45 04            lc      r1,4
000308 90               sra     r0,r1
000309 2a ff 07 00      la      r1,2047
00030d 0d               and     r0,r1
00030e 09 fe            add     r0,-2
000310 2a ff 07 00      la      r1,2047
000314 0d               and     r0,r1
000315 45 04            lc      r1,4
000317 8a               shl     r0,r1
000318 51 f6            lw      r1,-10(fp)
00031a 2b 0f 80 ff      la      r2,-32753
00031e 10               and     r1,r2
00031f 75               or      r1,r0
000320 aa f6            sw      r1,-10(fp)

                        ; line 57, file "tprintf.c"
000322 0c f8            add     sp,-8
000324 59               mov     r0,sp
000325 7d               push    r0
000326 44 f0            lc      r0,-16
000328 58               add     r0,fp
000329 7d               push    r0
00032a 29 00 00 00      la      r0,__dasgn
00032e 25               jal     r1,(r0)
00032f 0c 06            add     sp,6
000331 29 c2 05 00      la      r0,L59
000335 7d               push    r0
000336 29 00 00 00      la      r0,_printf
00033a 25               jal     r1,(r0)
00033b 0c 0b            add     sp,11

                        ; line 59, file "tprintf.c"
00033d 44 00            lc      r0,0
00033f 69               mov     sp,fp
000340 7a               pop     r1
000341 7b               pop     r2
000342 7c               pop     fp
000343 27               jmp     (r1)

L18:
000344 00
000345 00
000346 00
000347 00
000348 00
000349 00
00034a 00
00034b 00
L21:
00034c 00
00034d 00
00034e 00
00034f 00
000350 00
000351 00
000352 f0
000353 bf
L23:
000354 00
000355 00
000356 00
000357 00
000358 00
000359 00
00035a 00
00035b 00
L26:
00035c cd
00035d cc
00035e cc
00035f cc
000360 87
000361 d6
000362 32
000363 41
L28:
000364 cd
000365 cc
000366 cc
000367 cc
000368 87
000369 d6
00036a 32
00036b 41
L30:
00036c cd
00036d cc
00036e cc
00036f cc
000370 87
000371 d6
000372 32
000373 41
L32:
000374 77
000375 be
000376 9f
000377 1a
000378 2f
000379 dd
00037a 5e
00037b 40
L34:
00037c 00
00037d 00
00037e 00
00037f 00
000380 80
000381 84
000382 2e
000383 41
L36:
000384 00
000385 00
000386 00
000387 00
000388 00
000389 00
00038a 24
00038b 40
L38:
00038c 7b
00038d 14
00038e ae
00038f 47
000390 e1
000391 7a
000392 94
000393 3f
L41:
000394 0b
000395 0b
000396 ee
000397 07
000398 3c
000399 dd
00039a 5e
00039b 40
L43:
00039c dd
00039d 94
00039e 09
00039f f7
0003a0 7e
0003a1 2e
0003a2 20
0003a3 3f
L46:
0003a4 70
0003a5 94
0003a6 bc
0003a7 3a
0003a8 c7
0003a9 c0
0003aa f3
0003ab 3f
L48:
0003ac 0d
0003ad 04
0003ae 99
0003af 62
0003b0 36
0003b1 c5
0003b2 1a
0003b3 44
L50:
0003b4 3f
0003b5 a9
0003b6 45
0003b7 ce
0003b8 7c
0003b9 26
0003ba cd
0003bb 3b
L52:
0003bc 00
0003bd 00
0003be 00
0003bf 40
0003c0 b3
0003c1 2d
0003c2 68
0003c3 41
L54:
0003c4 00
0003c5 00
0003c6 00
0003c7 40
0003c8 b3
0003c9 2d
0003ca 08
0003cb 3b
L56:
0003cc 46
0003cd 8d
0003ce 2b
0003cf 83
0003d0 df
0003d1 44
0003d2 1a
0003d3 40
L19:
0003d4 25
0003d5 67
0003d6 20
0003d7 73
0003d8 68
0003d9 6f
0003da 75
0003db 6c
0003dc 64
0003dd 20
0003de 62
0003df 65
0003e0 20
0003e1 30
0003e2 0a
0003e3 00
L20:
0003e4 25
0003e5 67
0003e6 20
0003e7 73
0003e8 68
0003e9 6f
0003ea 75
0003eb 6c
0003ec 64
0003ed 20
0003ee 62
0003ef 65
0003f0 20
0003f1 2d
0003f2 69
0003f3 6e
0003f4 66
0003f5 0a
0003f6 00
L22:
0003f7 25
0003f8 67
0003f9 20
0003fa 73
0003fb 68
0003fc 6f
0003fd 75
0003fe 6c
0003ff 64
000400 20
000401 62
000402 65
000403 20
000404 2d
000405 6e
000406 61
000407 6e
000408 0a
000409 00
L24:
00040a 0a
00040b 00
L25:
00040c 25
00040d 65
00040e 20
00040f 73
000410 68
000411 6f
000412 75
000413 6c
000414 64
000415 20
000416 62
000417 65
000418 20
000419 31
00041a 2e
00041b 32
00041c 33
00041d 34
00041e 35
00041f 36
000420 38
000421 65
000422 2b
000423 30
000424 36
000425 0a
000426 00
L27:
000427 25
000428 66
000429 20
00042a 73
00042b 68
00042c 6f
00042d 75
00042e 6c
00042f 64
000430 20
000431 62
000432 65
000433 20
000434 31
000435 32
000436 33
000437 34
000438 35
000439 36
00043a 37
00043b 2e
00043c 38
00043d 30
00043e 30
00043f 30
000440 30
000441 30
000442 0a
000443 00
L29:
000444 25
000445 67
000446 20
000447 73
000448 68
000449 6f
00044a 75
00044b 6c
00044c 64
00044d 20
00044e 62
00044f 65
000450 20
000451 31
000452 2e
000453 32
000454 33
000455 34
000456 35
000457 37
000458 65
000459 2b
00045a 30
00045b 36
00045c 0a
00045d 00
L31:
00045e 25
00045f 67
000460 20
000461 73
000462 68
000463 6f
000464 75
000465 6c
000466 64
000467 20
000468 62
000469 65
00046a 20
00046b 31
00046c 32
00046d 33
00046e 2e
00046f 34
000470 35
000471 36
000472 0a
000473 00
L33:
000474 25
000475 67
000476 20
000477 73
000478 68
000479 6f
00047a 75
00047b 6c
00047c 64
00047d 20
00047e 62
00047f 65
000480 20
000481 31
000482 65
000483 2b
000484 30
000485 36
000486 0a
000487 00
L35:
000488 25
000489 67
00048a 20
00048b 73
00048c 68
00048d 6f
00048e 75
00048f 6c
000490 64
000491 20
000492 62
000493 65
000494 20
000495 31
000496 30
000497 0a
000498 00
L37:
000499 25
00049a 67
00049b 20
00049c 73
00049d 68
00049e 6f
00049f 75
0004a0 6c
0004a1 64
0004a2 20
0004a3 62
0004a4 65
0004a5 20
0004a6 30
0004a7 2e
0004a8 30
0004a9 32
0004aa 0a
0004ab 00
L39:
0004ac 0a
0004ad 00
L40:
0004ae 25
0004af 67
0004b0 20
0004b1 73
0004b2 68
0004b3 6f
0004b4 75
0004b5 6c
0004b6 64
0004b7 20
0004b8 62
0004b9 65
0004ba 20
0004bb 31
0004bc 32
0004bd 33
0004be 2e
0004bf 34
0004c0 35
0004c1 37
0004c2 0a
0004c3 00
L42:
0004c4 25
0004c5 67
0004c6 20
0004c7 73
0004c8 68
0004c9 6f
0004ca 75
0004cb 6c
0004cc 64
0004cd 20
0004ce 62
0004cf 65
0004d0 20
0004d1 30
0004d2 2e
0004d3 30
0004d4 30
0004d5 30
0004d6 31
0004d7 32
0004d8 33
0004d9 34
0004da 35
0004db 36
0004dc 0a
0004dd 00
L44:
0004de 0a
0004df 00
L45:
0004e0 25
0004e1 2e
0004e2 36
0004e3 66
0004e4 20
0004e5 73
0004e6 68
0004e7 6f
0004e8 75
0004e9 6c
0004ea 64
0004eb 20
0004ec 62
0004ed 65
0004ee 20
0004ef 31
0004f0 2e
0004f1 32
0004f2 33
0004f3 34
0004f4 35
0004f5 36
0004f6 35
0004f7 0a
0004f8 00
L47:
0004f9 25
0004fa 2e
0004fb 36
0004fc 65
0004fd 20
0004fe 73
0004ff 68
000500 6f
000501 75
000502 6c
000503 64
000504 20
000505 62
000506 65
000507 20
000508 31
000509 2e
00050a 32
00050b 33
00050c 34
00050d 35
00050e 36
00050f 35
000510 65
000511 2b
000512 32
000513 30
000514 0a
000515 00
L49:
000516 25
000517 2e
000518 36
000519 65
00051a 20
00051b 73
00051c 68
00051d 6f
00051e 75
00051f 6c
000520 64
000521 20
000522 62
000523 65
000524 20
000525 31
000526 2e
000527 32
000528 33
000529 34
00052a 35
00052b 36
00052c 35
00052d 65
00052e 2d
00052f 32
000530 30
000531 0a
000532 00
L51:
000533 0a
000534 00
L53:
000535 25
000536 2e
000537 31
000538 37
000539 67
00053a 20
00053b 73
00053c 68
00053d 6f
00053e 75
00053f 6c
000540 64
000541 20
000542 62
000543 65
000544 20
000545 32
000546 2e
000547 34
000548 39
000549 39
00054a 39
00054b 39
00054c 39
00054d 39
00054e 39
00054f 39
000550 35
000551 34
000552 39
000553 38
000554 39
000555 36
000556 39
000557 65
000558 2d
000559 32
00055a 34
00055b 0a
00055c 00
L55:
00055d 25
00055e 2e
00055f 31
000560 37
000561 67
000562 20
000563 73
000564 68
000565 6f
000566 75
000567 6c
000568 64
000569 20
00056a 62
00056b 65
00056c 20
00056d 32
00056e 2e
00056f 34
000570 39
000571 39
000572 39
000573 39
000574 39
000575 39
000576 39
000577 39
000578 35
000579 34
00057a 39
00057b 38
00057c 39
00057d 36
00057e 39
00057f 65
000580 2d
000581 32
000582 34
000583 0a
000584 00
L57:
000585 25
000586 2e
000587 31
000588 37
000589 67
00058a 20
00058b 73
00058c 68
00058d 6f
00058e 75
00058f 6c
000590 64
000591 20
000592 62
000593 65
000594 20
000595 36
000596 2e
000597 35
000598 36
000599 37
00059a 32
00059b 35
00059c 38
00059d 38
00059e 38
00059f 32
0005a0 30
0005a1 37
0005a2 37
0005a3 34
0005a4 30
0005a5 32
0005a6 0a
0005a7 00
L58:
0005a8 25
0005a9 2e
0005aa 31
0005ab 37
0005ac 67
0005ad 20
0005ae 73
0005af 68
0005b0 6f
0005b1 75
0005b2 6c
0005b3 64
0005b4 20
0005b5 62
0005b6 65
0005b7 20
0005b8 32
0005b9 2e
0005ba 35
0005bb 65
0005bc 2b
0005bd 32
0005be 38
0005bf 37
0005c0 0a
0005c1 00
L59:
0005c2 25
0005c3 2e
0005c4 31
0005c5 37
0005c6 67
0005c7 20
0005c8 73
0005c9 68
0005ca 6f
0005cb 75
0005cc 6c
0005cd 64
0005ce 20
0005cf 62
0005d0 65
0005d1 20
0005d2 36
0005d3 2e
0005d4 32
0005d5 35
0005d6 65
0005d7 2b
0005d8 32
0005d9 38
0005da 36
0005db 0a
0005dc 00
fltused:
0005dd
0005dd
